Category: 📺央视频道, Name: CCTV-2, Total: 6, Valid: 6, Valid Percent: 100.00%, Whitelist: 0, IPv4: 6, IPv6: 0, Min Delay: 1049 ms, Max Speed: 5.03 M/s, Avg Speed: 2.65 M/s, Max Resolution: 1920x1080
Category: 📺央视频道, Name: CCTV-3, Total: 3, Valid: 3, Valid Percent: 100.00%, Whitelist: 0, IPv4: 3, IPv6: 0, Min Delay: 737 ms, Max Speed: 5.77 M/s, Avg Speed: 4.31 M/s, Max Resolution: 1920x1080
Category: 📺央视频道, Name: CCTV-4, Total: 14, Valid: 14, Valid Percent: 100.00%, Whitelist: 0, IPv4: 14, IPv6: 0, Min Delay: 85 ms, Max Speed: 68.92 M/s, Avg Speed: 31.01 M/s, Max Resolution: 1920x1080
Category: 📺央视频道, Name: CCTV-5, Total: 23, Valid: 23, Valid Percent: 100.00%, Whitelist: 0, IPv4: 23, IPv6: 0, Min Delay: 85 ms, Max Speed: 68.92 M/s, Avg Speed: 16.49 M/s, Max Resolution: 1920x1080
Category: 📺央视频道, Name: CCTV-5+, Total: 5, Valid: 5, Valid Percent: 100.00%, Whitelist: 0, IPv4: 5, IPv6: 0, Min Delay: 445 ms, Max Speed: 5.77 M/s, Avg Speed: 2.40 M/s, Max Resolution: 1920x1080
Category: 📺央视频道, Name: CCTV-6, Total: 25, Valid: 25, Valid Percent: 100.00%, Whitelist: 0, IPv4: 25, IPv6: 0, Min Delay: 85 ms, Max Speed: 68.92 M/s, Avg Speed: 21.32 M/s, Max Resolution: 1920x1080
Category: 📺央视频道, Name: CCTV-7, Total: 19, Valid: 19, Valid Percent: 100.00%, Whitelist: 0, IPv4: 19, IPv6: 0, Min Delay: 85 ms, Max Speed: 68.92 M/s, Avg Speed: 27.05 M/s, Max Resolution: 1920x1080
Category: 📺央视频道, Name: CCTV-8, Total: 25, Valid: 25, Valid Percent: 100.00%, Whitelist: 0, IPv4: 25, IPv6: 0, Min Delay: 85 ms, Max Speed: 68.92 M/s, Avg Speed: 18.72 M/s, Max Resolution: 1920x1080
Category: 📺央视频道, Name: CCTV-9, Total: 21, Valid: 21, Valid Percent: 100.00%, Whitelist: 0, IPv4: 21, IPv6: 0, Min Delay: 85 ms, Max Speed: 68.92 M/s, Avg Speed: 24.54 M/s, Max Resolution: 1920x1080
Category: 📺央视频道, Name: CCTV-10, Total: 27, Valid: 27, Valid Percent: 100.00%, Whitelist: 0, IPv4: 27, IPv6: 0, Min Delay: 85 ms, Max Speed: 68.92 M/s, Avg Speed: 19.52 M/s, Max Resolution: 1920x1080
Category: 📺央视频道, Name: CCTV-11, Total: 20, Valid: 20, Valid Percent: 100.00%, Whitelist: 0, IPv4: 20, IPv6: 0, Min Delay: 85 ms, Max Speed: 68.92 M/s, Avg Speed: 22.51 M/s, Max Resolution: 1920x1080
Category: 📺央视频道, Name: CCTV-12, Total: 21, Valid: 21, Valid Percent: 100.00%, Whitelist: 0, IPv4: 21, IPv6: 0, Min Delay: 85 ms, Max Speed: 68.92 M/s, Avg Speed: 24.72 M/s, Max Resolution: 1920x1080
Category: 📺央视频道, Name: CCTV-13, Total: 19, Valid: 19, Valid Percent: 100.00%, Whitelist: 0, IPv4: 19, IPv6: 0, Min Delay: 85 ms, Max Speed: 68.92 M/s, Avg Speed: 26.83 M/s, Max Resolution: 1920x1080
Category: 📺央视频道, Name: CCTV-14, Total: 25, Valid: 25, Valid Percent: 100.00%, Whitelist: 0, IPv4: 22, IPv6: 3, Min Delay: 85 ms, Max Speed: 68.92 M/s, Avg Speed: 20.98 M/s, Max Resolution: 1920x1080
Category: 📺央视频道, Name: CCTV-15, Total: 23, Valid: 23, Valid Percent: 100.00%, Whitelist: 0, IPv4: 23, IPv6: 0, Min Delay: 85 ms, Max Speed: 68.92 M/s, Avg Speed: 22.67 M/s, Max Resolution: 1920x1080
Category: 📺央视频道, Name: CCTV-16, Total: 19, Valid: 19, Valid Percent: 100.00%, Whitelist: 0, IPv4: 19, IPv6: 0, Min Delay: 85 ms, Max Speed: 68.92 M/s, Avg Speed: 16.69 M/s, Max Resolution: 1920x1080
Category: 📺央视频道, Name: CCTV-17, Total: 20, Valid: 20, Valid Percent: 100.00%, Whitelist: 0, IPv4: 20, IPv6: 0, Min Delay: 85 ms, Max Speed: 68.92 M/s, Avg Speed: 25.88 M/s, Max Resolution: 1920x1080
Category: 📡卫视频道, Name: 广东卫视, Total: 13, Valid: 13, Valid Percent: 100.00%, Whitelist: 0, IPv4: 13, IPv6: 0, Min Delay: 85 ms, Max Speed: 68.92 M/s, Avg Speed: 33.04 M/s, Max Resolution: 1920x1080
Category: 📡卫视频道, Name: 浙江卫视, Total: 18, Valid: 18, Valid Percent: 100.00%, Whitelist: 0, IPv4: 18, IPv6: 0, Min Delay: 85 ms, Max Speed: 68.92 M/s, Avg Speed: 24.30 M/s, Max Resolution: 1920x1080
Category: 📡卫视频道, Name: 湖南卫视, Total: 21, Valid: 21, Valid Percent: 100.00%, Whitelist: 0, IPv4: 21, IPv6: 0, Min Delay: 85 ms, Max Speed: 68.92 M/s, Avg Speed: 25.43 M/s, Max Resolution: 1920x1080
Category: 📡卫视频道, Name: 北京卫视, Total: 18, Valid: 18, Valid Percent: 100.00%, Whitelist: 0, IPv4: 18, IPv6: 0, Min Delay: 85 ms, Max Speed: 68.92 M/s, Avg Speed: 24.23 M/s, Max Resolution: 1920x1080
Category: 📡卫视频道, Name: 湖北卫视, Total: 16, Valid: 16, Valid Percent: 100.00%, Whitelist: 0, IPv4: 16, IPv6: 0, Min Delay: 85 ms, Max Speed: 68.92 M/s, Avg Speed: 31.71 M/s, Max Resolution: 1920x1080
Category: 📡卫视频道, Name: 黑龙江卫视, Total: 15, Valid: 15, Valid Percent: 100.00%, Whitelist: 0, IPv4: 15, IPv6: 0, Min Delay: 85 ms, Max Speed: 68.92 M/s, Avg Speed: 33.74 M/s, Max Resolution: 1920x1080
Category: 📡卫视频道, Name: 安徽卫视, Total: 16, Valid: 16, Valid Percent: 100.00%, Whitelist: 0, IPv4: 16, IPv6: 0, Min Delay: 85 ms, Max Speed: 68.92 M/s, Avg Speed: 31.81 M/s, Max Resolution: 1920x1080
Category: 📡卫视频道, Name: 重庆卫视, Total: 17, Valid: 17, Valid Percent: 100.00%, Whitelist: 0, IPv4: 17, IPv6: 0, Min Delay: 85 ms, Max Speed: 68.92 M/s, Avg Speed: 33.90 M/s, Max Resolution: 1920x1080
Category: 📡卫视频道, Name: 东方卫视, Total: 19, Valid: 19, Valid Percent: 100.00%, Whitelist: 0, IPv4: 19, IPv6: 0, Min Delay: 85 ms, Max Speed: 68.92 M/s, Avg Speed: 30.64 M/s, Max Resolution: 1920x1080
Category: 📡卫视频道, Name: 东南卫视, Total: 16, Valid: 16, Valid Percent: 100.00%, Whitelist: 0, IPv4: 16, IPv6: 0, Min Delay: 85 ms, Max Speed: 68.92 M/s, Avg Speed: 39.79 M/s, Max Resolution: 1920x1080
Category: 📡卫视频道, Name: 甘肃卫视, Total: 11, Valid: 11, Valid Percent: 100.00%, Whitelist: 0, IPv4: 11, IPv6: 0, Min Delay: 85 ms, Max Speed: 68.92 M/s, Avg Speed: 44.95 M/s, Max Resolution: 1920x1080
Category: 📡卫视频道, Name: 广西卫视, Total: 18, Valid: 17, Valid Percent: 94.44%, Whitelist: 0, IPv4: 16, IPv6: 2, Min Delay: 85 ms, Max Speed: 68.92 M/s, Avg Speed: 37.51 M/s, Max Resolution: 1920x1080
Category: 📡卫视频道, Name: 贵州卫视, Total: 17, Valid: 17, Valid Percent: 100.00%, Whitelist: 0, IPv4: 17, IPv6: 0, Min Delay: 85 ms, Max Speed: 68.92 M/s, Avg Speed: 41.89 M/s, Max Resolution: 1920x1080
Category: 📡卫视频道, Name: 海南卫视, Total: 11, Valid: 11, Valid Percent: 100.00%, Whitelist: 0, IPv4: 11, IPv6: 0, Min Delay: 85 ms, Max Speed: 68.92 M/s, Avg Speed: 44.41 M/s, Max Resolution: 1920x1080
Category: 📡卫视频道, Name: 河北卫视, Total: 18, Valid: 18, Valid Percent: 100.00%, Whitelist: 0, IPv4: 18, IPv6: 0, Min Delay: 85 ms, Max Speed: 68.92 M/s, Avg Speed: 35.89 M/s, Max Resolution: 1920x1080
Category: 📡卫视频道, Name: 河南卫视, Total: 19, Valid: 19, Valid Percent: 100.00%, Whitelist: 0, IPv4: 19, IPv6: 0, Min Delay: 85 ms, Max Speed: 68.92 M/s, Avg Speed: 37.67 M/s, Max Resolution: 1920x1080
Category: 📡卫视频道, Name: 吉林卫视, Total: 13, Valid: 13, Valid Percent: 100.00%, Whitelist: 0, IPv4: 13, IPv6: 0, Min Delay: 85 ms, Max Speed: 68.92 M/s, Avg Speed: 33.58 M/s, Max Resolution: 1920x1080
Category: 📡卫视频道, Name: 江苏卫视, Total: 18, Valid: 18, Valid Percent: 100.00%, Whitelist: 0, IPv4: 18, IPv6: 0, Min Delay: 85 ms, Max Speed: 68.92 M/s, Avg Speed: 28.51 M/s, Max Resolution: 1920x1080
Category: 📡卫视频道, Name: 江西卫视, Total: 15, Valid: 15, Valid Percent: 100.00%, Whitelist: 0, IPv4: 15, IPv6: 0, Min Delay: 85 ms, Max Speed: 68.92 M/s, Avg Speed: 33.74 M/s, Max Resolution: 1920x1080
Category: 📡卫视频道, Name: 辽宁卫视, Total: 16, Valid: 16, Valid Percent: 100.00%, Whitelist: 0, IPv4: 16, IPv6: 0, Min Delay: 85 ms, Max Speed: 68.92 M/s, Avg Speed: 35.97 M/s, Max Resolution: 1920x1080
Category: 📡卫视频道, Name: 内蒙古卫视, Total: 15, Valid: 15, Valid Percent: 100.00%, Whitelist: 0, IPv4: 14, IPv6: 1, Min Delay: 85 ms, Max Speed: 68.92 M/s, Avg Speed: 24.56 M/s, Max Resolution: 1920x1080
Category: 📡卫视频道, Name: 宁夏卫视, Total: 13, Valid: 13, Valid Percent: 100.00%, Whitelist: 0, IPv4: 13, IPv6: 0, Min Delay: 85 ms, Max Speed: 68.92 M/s, Avg Speed: 33.49 M/s, Max Resolution: 1920x1080
Category: 📡卫视频道, Name: 青海卫视, Total: 18, Valid: 18, Valid Percent: 100.00%, Whitelist: 0, IPv4: 16, IPv6: 2, Min Delay: 85 ms, Max Speed: 68.92 M/s, Avg Speed: 32.18 M/s, Max Resolution: 1920x1080
Category: 📡卫视频道, Name: 山东卫视, Total: 16, Valid: 16, Valid Percent: 100.00%, Whitelist: 0, IPv4: 16, IPv6: 0, Min Delay: 85 ms, Max Speed: 68.92 M/s, Avg Speed: 31.79 M/s, Max Resolution: 1920x1080
Category: 📡卫视频道, Name: 山西卫视, Total: 12, Valid: 12, Valid Percent: 100.00%, Whitelist: 0, IPv4: 12, IPv6: 0, Min Delay: 85 ms, Max Speed: 68.92 M/s, Avg Speed: 30.47 M/s, Max Resolution: 1920x1080
Category: 📡卫视频道, Name: 陕西卫视, Total: 12, Valid: 12, Valid Percent: 100.00%, Whitelist: 0, IPv4: 12, IPv6: 0, Min Delay: 85 ms, Max Speed: 68.92 M/s, Avg Speed: 19.31 M/s, Max Resolution: 1920x1080
Category: 📡卫视频道, Name: 四川卫视, Total: 18, Valid: 18, Valid Percent: 100.00%, Whitelist: 0, IPv4: 18, IPv6: 0, Min Delay: 85 ms, Max Speed: 68.92 M/s, Avg Speed: 39.61 M/s, Max Resolution: 1920x1080
Category: 📡卫视频道, Name: 深圳卫视, Total: 16, Valid: 16, Valid Percent: 100.00%, Whitelist: 0, IPv4: 16, IPv6: 0, Min Delay: 85 ms, Max Speed: 68.92 M/s, Avg Speed: 31.81 M/s, Max Resolution: 1920x1080
Category: 📡卫视频道, Name: 三沙卫视, Total: 11, Valid: 11, Valid Percent: 100.00%, Whitelist: 0, IPv4: 11, IPv6: 0, Min Delay: 85 ms, Max Speed: 68.92 M/s, Avg Speed: 38.83 M/s, Max Resolution: 1920x1080
Category: 📡卫视频道, Name: 天津卫视, Total: 14, Valid: 14, Valid Percent: 100.00%, Whitelist: 0, IPv4: 14, IPv6: 0, Min Delay: 85 ms, Max Speed: 68.92 M/s, Avg Speed: 30.85 M/s, Max Resolution: 1920x1080
Category: 📡卫视频道, Name: 西藏卫视, Total: 13, Valid: 13, Valid Percent: 100.00%, Whitelist: 0, IPv4: 11, IPv6: 2, Min Delay: 85 ms, Max Speed: 68.92 M/s, Avg Speed: 27.72 M/s, Max Resolution: 1920x1080
Category: 📡卫视频道, Name: 新疆卫视, Total: 16, Valid: 16, Valid Percent: 100.00%, Whitelist: 0, IPv4: 15, IPv6: 1, Min Delay: 85 ms, Max Speed: 68.92 M/s, Avg Speed: 23.21 M/s, Max Resolution: 1920x1080
Category: 📡卫视频道, Name: 云南卫视, Total: 18, Valid: 18, Valid Percent: 100.00%, Whitelist: 0, IPv4: 17, IPv6: 1, Min Delay: 85 ms, Max Speed: 68.92 M/s, Avg Speed: 35.79 M/s, Max Resolution: 1920x1080
